------------------------------------------------------------
TimeQuest Timing Analyzer Summary
------------------------------------------------------------

Type  : Slow 1200mV 85C Model Setup 'u_spipll|altpll_component|auto_generated|pll1|clk[0]'
Slack : 12.651
TNS   : 0.000

Type  : Slow 1200mV 85C Model Setup 'CLOCK_50'
Slack : 14.959
TNS   : 0.000

Type  : Slow 1200mV 85C Model Hold 'CLOCK_50'
Slack : 0.357
TNS   : 0.000

Type  : Slow 1200mV 85C Model Hold 'u_spipll|altpll_component|auto_generated|pll1|clk[0]'
Slack : 0.358
TNS   : 0.000

Type  : Slow 1200mV 85C Model Recovery 'u_spipll|altpll_component|auto_generated|pll1|clk[0]'
Slack : 14.492
TNS   : 0.000

Type  : Slow 1200mV 85C Model Recovery 'CLOCK_50'
Slack : 16.640
TNS   : 0.000

Type  : Slow 1200mV 85C Model Removal 'CLOCK_50'
Slack : 2.417
TNS   : 0.000

Type  : Slow 1200mV 85C Model Removal 'u_spipll|altpll_component|auto_generated|pll1|clk[0]'
Slack : 4.374
TNS   : 0.000

Type  : Slow 1200mV 85C Model Minimum Pulse Width 'CLOCK_50'
Slack : 9.595
TNS   : 0.000

Type  : Slow 1200mV 85C Model Minimum Pulse Width 'u_spipll|altpll_component|auto_generated|pll1|clk[0]'
Slack : 249.747
TNS   : 0.000

Type  : Slow 1200mV 0C Model Setup 'u_spipll|altpll_component|auto_generated|pll1|clk[0]'
Slack : 13.449
TNS   : 0.000

Type  : Slow 1200mV 0C Model Setup 'CLOCK_50'
Slack : 15.507
TNS   : 0.000

Type  : Slow 1200mV 0C Model Hold 'CLOCK_50'
Slack : 0.311
TNS   : 0.000

Type  : Slow 1200mV 0C Model Hold 'u_spipll|altpll_component|auto_generated|pll1|clk[0]'
Slack : 0.311
TNS   : 0.000

Type  : Slow 1200mV 0C Model Recovery 'u_spipll|altpll_component|auto_generated|pll1|clk[0]'
Slack : 15.119
TNS   : 0.000

Type  : Slow 1200mV 0C Model Recovery 'CLOCK_50'
Slack : 17.010
TNS   : 0.000

Type  : Slow 1200mV 0C Model Removal 'CLOCK_50'
Slack : 2.205
TNS   : 0.000

Type  : Slow 1200mV 0C Model Removal 'u_spipll|altpll_component|auto_generated|pll1|clk[0]'
Slack : 3.936
TNS   : 0.000

Type  : Slow 1200mV 0C Model Minimum Pulse Width 'CLOCK_50'
Slack : 9.595
TNS   : 0.000

Type  : Slow 1200mV 0C Model Minimum Pulse Width 'u_spipll|altpll_component|auto_generated|pll1|clk[0]'
Slack : 249.744
TNS   : 0.000

Type  : Fast 1200mV 0C Model Setup 'u_spipll|altpll_component|auto_generated|pll1|clk[0]'
Slack : 15.567
TNS   : 0.000

Type  : Fast 1200mV 0C Model Setup 'CLOCK_50'
Slack : 16.905
TNS   : 0.000

Type  : Fast 1200mV 0C Model Hold 'CLOCK_50'
Slack : 0.186
TNS   : 0.000

Type  : Fast 1200mV 0C Model Hold 'u_spipll|altpll_component|auto_generated|pll1|clk[0]'
Slack : 0.187
TNS   : 0.000

Type  : Fast 1200mV 0C Model Recovery 'u_spipll|altpll_component|auto_generated|pll1|clk[0]'
Slack : 16.656
TNS   : 0.000

Type  : Fast 1200mV 0C Model Recovery 'CLOCK_50'
Slack : 17.969
TNS   : 0.000

Type  : Fast 1200mV 0C Model Removal 'CLOCK_50'
Slack : 1.341
TNS   : 0.000

Type  : Fast 1200mV 0C Model Removal 'u_spipll|altpll_component|auto_generated|pll1|clk[0]'
Slack : 2.463
TNS   : 0.000

Type  : Fast 1200mV 0C Model Minimum Pulse Width 'CLOCK_50'
Slack : 9.273
TNS   : 0.000

Type  : Fast 1200mV 0C Model Minimum Pulse Width 'u_spipll|altpll_component|auto_generated|pll1|clk[0]'
Slack : 249.781
TNS   : 0.000

------------------------------------------------------------
